<html>
<body>
<pre>
<h1>µVision Build Log</h1>
<h2>Tool Versions:</h2>
IDE-Version: ¦ÌVision V5.36.0.0
Copyright (C) 2021 ARM Ltd and ARM Germany GmbH. All rights reserved.
License Information: 1 260575749@qq.com, 1, LIC=76F5U-S3BM7-IIF5V-PEBWF-N80HI-T0F51
 
Tool Versions:
Toolchain:       MDK-ARM Plus  Version: 5.36.0.0
Toolchain Path:  E:\Keil\ARM\ARMCC\Bin
C Compiler:      Armcc.exe V5.06 update 7 (build 960)
Assembler:       Armasm.exe V5.06 update 7 (build 960)
Linker/Locator:  ArmLink.exe V5.06 update 7 (build 960)
Library Manager: ArmAr.exe V5.06 update 7 (build 960)
Hex Converter:   FromElf.exe V5.06 update 7 (build 960)
CPU DLL:         SARMCM3.DLL V5.36.0.0
Dialog DLL:      DARMCM1.DLL V1.19.4.0
Target DLL:      Segger\JL2CM3.dll V2.99.40.0
Dialog DLL:      TARMCM1.DLL V1.14.4.0
 
<h2>Project:</h2>
F:\STM32 code\USART_MODULE\MDK-ARM\USART_MODULE.uvprojx
Project File Date:  06/26/2023

<h2>Output:</h2>
*** Using Compiler 'V5.06 update 7 (build 960)', folder: 'E:\Keil\ARM\ARMCC\Bin'
Rebuild target 'USART_MODULE'
assembling startup_stm32g0b1xx.s...
compiling stm32g0xx_ll_rcc.c...
compiling stm32g0xx_ll_dma.c...
compiling stm32g0xx_hal_uart_ex.c...
compiling stm32g0xx_hal_dma.c...
compiling stm32g0xx_it.c...
compiling main.c...
../Core/Src/main.c(93): warning:  #223-D: function "Uart_data_fifo_init" declared implicitly
    Uart_data_fifo_init();
../Core/Src/main.c(101): warning:  #223-D: function "usart_data_decode" declared implicitly
  	usart_data_decode();
../Core/Src/main.c: 2 warnings, 0 errors
compiling stm32g0xx_hal_tim_ex.c...
compiling stm32g0xx_hal_uart.c...
compiling stm32g0xx_hal_tim.c...
compiling stm32g0xx_hal_flash.c...
compiling stm32g0xx_hal_dma_ex.c...
compiling stm32g0xx_hal_rcc.c...
compiling stm32g0xx_hal_msp.c...
compiling stm32g0xx_hal_gpio.c...
compiling stm32g0xx_hal_flash_ex.c...
compiling fifo.c...
compiling stm32g0xx_hal_rcc_ex.c...
compiling stm32g0xx_hal_pwr.c...
compiling stm32g0xx_hal_cortex.c...
compiling stm32g0xx_hal_pwr_ex.c...
compiling stm32g0xx_hal_exti.c...
compiling system_stm32g0xx.c...
compiling stm32g0xx_hal.c...
compiling drv_usart.c...
..\User\drv_usart.c(27): warning:  #550-D: variable "buf"  was set but never used
  	uint8_t buf[100];	
..\User\drv_usart.c: 1 warning, 0 errors
linking...
Program Size: Code=12452 RO-data=380 RW-data=20 ZI-data=6804  
FromELF: creating hex file...
"USART_MODULE\USART_MODULE.axf" - 0 Error(s), 3 Warning(s).

<h2>Software Packages used:</h2>

Package Vendor: ARM
                http://www.keil.com/pack/ARM.CMSIS.5.8.0.pack
                ARM.CMSIS.5.8.0
                CMSIS (Common Microcontroller Software Interface Standard)
   * Component: CORE Version: 5.5.0

Package Vendor: Keil
                http://www.keil.com/pack/Keil.STM32G0xx_DFP.1.4.0.pack
                Keil.STM32G0xx_DFP.1.4.0
                STMicroelectronics STM32G0 Series Device Support

<h2>Collection of Component include folders:</h2>
  .\RTE\_USART_MODULE
  E:\Keil\ARM\CMSIS\5.8.0\CMSIS\Core\Include
  E:\Keil\Keil\STM32G0xx_DFP\1.4.0\Drivers\CMSIS\Device\ST\STM32G0xx\Include

<h2>Collection of Component Files used:</h2>

   * Component: ARM::CMSIS:CORE:5.5.0
      Include file:  CMSIS\Core\Include\tz_context.h
Build Time Elapsed:  00:00:09
</pre>
</body>
</html>
